{
  "findings": [
    {
      "severity": "warning",
      "path": "components.primary-action.minHeight",
      "message": "'minHeight' is not a recognized component sub-token. Valid sub-tokens: backgroundColor, textColor, typography, rounded, padding, size, height, width.",
      "rule": "broken-ref"
    },
    {
      "severity": "warning",
      "path": "colors.ink",
      "message": "'ink' is defined but never referenced by any component.",
      "rule": "orphaned-tokens"
    },
    {
      "severity": "warning",
      "path": "colors.paper",
      "message": "'paper' is defined but never referenced by any component.",
      "rule": "orphaned-tokens"
    },
    {
      "severity": "info",
      "message": "Design system defines 4 colors, 2 typography scales, 2 rounding levels, 2 spacing tokens, 1 component.",
      "rule": "token-summary"
    }
  ],
  "summary": {
    "errors": 0,
    "warnings": 3,
    "infos": 1
  }
}
npm notice
npm notice New major version of npm available! 11.9.0 -> 12.2.0
npm notice Changelog: https://github.com/npm/cli/releases/tag/v12.2.0
npm notice To update run: npm install -g npm@12.2.0
npm notice
