PASS workspace-empty 
PASS record-saved 
PASS record-saved-dark 
PASS action-review 
PASS home 
PASS report-empty 
PASS home-resume 
PASS home-action 
PASS settings 
PASS explore 
PASS assistant 
PASS profile 
PASS topic 
PASS topic-resume 
PASS report 
PASS question 
PASS appearance 
PASS appearance-320 
PASS appearance-dark-320 
PASS home-320 
PASS explore-320 
PASS assistant-320 
PASS profile-320 
PASS report-320 
PASS home-430 
PASS question-320 
PASS home-dark 
PASS explore-dark 
PASS assistant-dark 
PASS report-dark 
PASS appearance-dark 
PASS home-large 
PASS explore-large 
PASS assistant-large 
PASS profile-large 
PASS question-large 
PASS report-large 
